{
  "productDetails": {
    "description": "This is the product mattress"
  }
}