[
  {
    "picture": "1.jpg",
    "title": "New Best Mattress Sale: Unbeatable Prices for Quality Sleep",
    "price": "30",
    "category": "Furniture",
    "condition": "New",
    "availability": "stock",
    "location": "Pickering, Ontario"
  },
  {
    "picture": "2.jpg",
    "title": "New Best Mattress Sale: Unbeatable Prices for Quality Sleep",
    "price": "30",
    "category": "Furniture",
    "condition": "New",
    "availability": "stock",
    "location": "Ajax, Ontario"
  },
  {
    "picture": "3.jpg",
    "title": "New Best Mattress Sale: Unbeatable Prices for Quality Sleep",
    "price": "30",
    "category": "Furniture",
    "condition": "New",
    "availability": "stock",
    "location": "Whitby, Ontario"
  }
]